::add-mask::Synthetic-Only-98c87dc0e7d0b944
PASS T01 public sign-up is disabled (invite-only)
PASS T02 anon reads public_sites_v1: 200 and empty (nothing published)
PASS T03 anon reads public_research_v1: 200 and empty
PASS T04 anon reads zero draft site rows (RLS: PUBLISHED only)
PASS T05 anon cannot read original drafts
PASS T06 account without role sees zero internal rows
PASS T07 researcher sees the 79 governed sites
PASS T08 editor saves draft with version bump; updated_by is server-stamped
PASS T09 stale concurrent save is rejected (VERSION_CONFLICT)
PASS T10 editor cannot publish
PASS T11 editor cannot delete a site
PASS T12 researcher adds a source; created_by cannot be spoofed
PASS T13 audit actor is server-stamped
PASS T14 audit log is append-only even for system_admin
PASS T15 editor submits a review task
PASS T16 researcher cannot decide a review
PASS T17 reviewer decides another author's task
PASS T18 researcher cannot list users
PASS T19 system admin lists synthetic users
PASS T20 role grant without MFA (aal1) is refused
PASS T21 system admin completes TOTP step-up to aal2
PASS T22 role grant with MFA (aal2) succeeds
PASS T23 admin cannot grant a role to self even with MFA
PASS T24 release candidate without MFA is refused
PASS T25 release candidate with MFA is created BLOCKED
PASS T26 release candidate cannot be created PUBLISHED
PASS T27 after all operations the public surface is still empty
API_E2E_TOTAL=27 API_E2E_FAILED=0
