Resolving dependencies...
Downloading packages...
  _fe_analyzer_shared 99.0.0 (109.0.0 available)
  analyzer 12.1.0 (14.5.0 available)
  app_links 7.2.1 (7.2.2 available)
  app_links_linux 1.0.3 (1.0.4 available)
  app_links_web 1.0.4 (1.0.5 available)
  archive 4.0.9 (4.3.0 available)
  clock 1.1.2 (1.1.3 available)
  code_assets 1.2.1 (2.1.0 available)
  flutter_map 8.3.1 (8.3.2 available)
  flutter_riverpod 3.3.2 (3.4.3 available)
  frontend_server_client 4.0.0 (4.1.0 available)
  functions_client 2.6.4 (2.7.1 available)
  glob 2.1.3 (2.2.0 available)
  go_router 17.3.0 (18.0.2 available)
  gotrue 2.26.0 (2.27.2 available)
  hooks 2.0.2 (2.2.0 available)
  intl 0.20.2 (0.20.3 available)
  io 1.0.5 (1.1.0 available)
  jni 1.0.0 (1.1.0 available)
  jni_flutter 1.0.1 (1.0.4+1 available)
  matcher 0.12.19 (0.12.20 available)
  material_color_utilities 0.13.0 (0.13.1 available)
  meta 1.18.0 (1.19.0 available)
  mime 2.0.0 (2.1.0 available)
  objective_c 9.4.1 (9.6.2 available)
  package_config 2.2.0 (3.0.0 available)
  passkeys_platform_interface 2.8.0 (2.10.0 available)
  platform 3.1.6 (3.2.0 available)
  pool 1.5.2 (1.5.3 available)
  posix 6.5.0 (6.5.2 available)
  postgrest 2.8.0 (2.9.1 available)
  pub_semver 2.2.0 (2.2.1 available)
  realtime_client 2.11.0 (2.13.0 available)
  record_use 0.6.0 (1.1.1 available)
  riverpod 3.3.2 (3.4.3 available)
  shared_preferences 2.5.5 (2.5.6 available)
  shared_preferences_android 2.4.27 (2.4.28 available)
  shared_preferences_foundation 2.5.6 (2.5.7 available)
  source_maps 0.10.13 (0.10.14 available)
  stack_trace 1.12.1 (1.12.2 available)
  storage_client 2.6.0 (2.8.1 available)
  supabase 2.14.0 (2.16.2 available)
  supabase_flutter 2.16.0 (2.18.0 available)
  test 1.31.0 (1.33.0 available)
  test_api 0.7.11 (0.7.15 available)
  test_core 0.6.17 (0.6.21 available)
  url_launcher 6.3.2 (6.3.3 available)
  url_launcher_android 6.3.32 (6.3.33 available)
  url_launcher_ios 6.4.1 (6.4.2 available)
  url_launcher_linux 3.2.2 (3.2.3 available)
  url_launcher_macos 3.2.5 (3.2.6 available)
  url_launcher_windows 3.1.5 (3.1.6 available)
  uuid 4.5.3 (4.6.0 available)
  vector_math 2.2.0 (2.4.3 available)
  vm_service 15.2.0 (15.3.0 available)
  yaml 3.1.3 (3.1.4 available)
Got dependencies!
56 packages have newer versions incompatible with dependency constraints.
Try `flutter pub outdated` for more information.
