{
  "result": "PASS",
  "mode": "PAL_EYES_GOVERNED_DEVELOPMENT_HOSTING",
  "checks": {
    "workflow_present": true,
    "legacy_preview_workflow_removed": true,
    "legacy_preview_verifier_removed": true,
    "development_hosting_workflow_name": true,
    "staging_compile_environment": true,
    "no_product_production_runtime_compile": true,
    "validation_before_deploy": true,
    "development_deployment_enabled": true,
    "required_secrets": true,
    "no_secret_id_literal": true,
    "prebuilt_deployment": true,
    "technical_production_target_explicit": true,
    "development_project_domain": true,
    "runtime_production_assertion": true,
    "stable_domain_health_check": true,
    "build_output_api_v3": true,
    "spa_filesystem_first": true,
    "automatic_git_deployments_disabled": true,
    "local_vercel_state_ignored": true,
    "safe_environment_ignore_contract": true,
    "development_hosting_state": true,
    "technical_vs_product_production_separated": true,
    "future_production_project_separate": true,
    "production_project_absent_from_workflow": true,
    "governance_boundaries": true
  },
  "failures": []
}
PAL_EYES_GOVERNED_DEVELOPMENT_HOSTING_STATIC_VERIFY=PASS
