{
  "result": "PASS",
  "mode": "OSM_TILE_PROVIDER_POLICY_R9_0_2_VALIDATED_CANDIDATE",
  "baseline": "PAL_EYES_OSM_TILE_PROVIDER_POLICY_AND_PRODUCTION_READINESS_R9_0_2_20260803",
  "checks": {
    "version_9_0_2_31": true,
    "baseline_target": true,
    "candidate_validated_not_promoted": true,
    "parent_commit_exact": true,
    "osm_exact_https_endpoint": true,
    "production_requires_external_mode": true,
    "production_requires_approval": true,
    "prefetch_disabled": true,
    "offline_archive_disabled": true,
    "visible_attribution": true,
    "map_issue_link": true,
    "map_screen_uses_policy": true,
    "map_screen_has_no_hardcoded_osm_url": true,
    "map_screen_fail_closed_surface": true,
    "web_referrer_policy": true,
    "url_launcher_pinned": true,
    "environment_contract": true,
    "no_no_cache_headers": true,
    "policy_test_present": true,
    "surface_test_present": true,
    "new_ci_workflow": true,
    "old_ci_workflow_removed": true,
    "database_write_false": true,
    "supabase_apply_false": true,
    "public_coordinates_zero": true,
    "public_markers_zero": true,
    "publication_blocked": true,
    "production_not_approved": true,
    "manifest_verified": true
  },
  "failures": []
}
PAL_EYES_OSM_TILE_PROVIDER_POLICY_R9_0_2_STATIC_VERIFY=PASS
